info: syncing channel updates for 1.95.0-aarch64-apple-darwin
info: latest update on 2026-04-16 for version 1.95.0 (59807616e 2026-04-14)
info: downloading component rustfmt
[1m[92m    Updating[0m crates.io index
[1m[92m Downloading[0m crates ...
[1m[92m  Downloaded[0m block-buffer v0.10.4
[1m[92m  Downloaded[0m version_check v0.9.5
[1m[92m  Downloaded[0m weezl v0.1.12
[1m[92m  Downloaded[0m rand_chacha v0.9.0
[1m[92m  Downloaded[0m rustc_version v0.4.1
[1m[92m  Downloaded[0m rustc-hash v2.1.3
[1m[92m  Downloaded[0m quote v1.0.47
[1m[92m  Downloaded[0m stable_deref_trait v1.2.1
[1m[92m  Downloaded[0m tempfile v3.27.0
[1m[92m  Downloaded[0m subtle v2.6.1
[1m[92m  Downloaded[0m smallvec v1.16.0
[1m[92m  Downloaded[0m simd-adler32 v0.3.10
[1m[92m  Downloaded[0m serde_core v1.0.229
[1m[92m  Downloaded[0m rust_decimal v1.43.0
[1m[92m  Downloaded[0m libm v0.2.16
[1m[92m  Downloaded[0m serde_json v1.0.151
[1m[92m  Downloaded[0m zlib-rs v0.6.7
[1m[92m  Downloaded[0m objc2-foundation v0.2.2
[1m[92m  Downloaded[0m objc2 v0.6.4
[1m[92m  Downloaded[0m zerocopy v0.8.56
[1m[92m  Downloaded[0m image v0.25.10
[1m[92m  Downloaded[0m syn v3.0.5
[1m[92m  Downloaded[0m wgpu-core v27.0.3
[1m[92m  Downloaded[0m pxfm v0.1.30
[1m[92m  Downloaded[0m syn v2.0.119
[1m[92m  Downloaded[0m winit v0.30.13
[1m[92m  Downloaded[0m icu_normalizer v2.3.0
[1m[92m  Downloaded[0m rustix v1.1.4
[1m[92m  Downloaded[0m objc2-foundation v0.3.2
[1m[92m  Downloaded[0m wgpu-hal v27.0.4
[1m[92m  Downloaded[0m pinyin v0.11.0
[1m[92m  Downloaded[0m objc2-app-kit v0.2.2
[1m[92m  Downloaded[0m egui v0.33.3
[1m[92m  Downloaded[0m objc2 v0.5.2
[1m[92m  Downloaded[0m objc2-app-kit v0.3.2
[1m[92m  Downloaded[0m moxcms v0.8.1
[1m[92m  Downloaded[0m rusqlite v0.32.1
[1m[92m  Downloaded[0m sha2 v0.10.9
[1m[92m  Downloaded[0m epaint_default_fonts v0.33.3
[1m[92m  Downloaded[0m zerovec v0.11.8
[1m[92m  Downloaded[0m semver v1.0.28
[1m[92m  Downloaded[0m indexmap v2.14.2
[1m[92m  Downloaded[0m zerocopy-derive v0.8.56
[1m[92m  Downloaded[0m naga v27.0.3
[1m[92m  Downloaded[0m serde_derive v1.0.229
[1m[92m  Downloaded[0m serde v1.0.229
[1m[92m  Downloaded[0m security-framework v2.11.1
[1m[92m  Downloaded[0m rand v0.9.5
[1m[92m  Downloaded[0m rand v0.8.8
[1m[92m  Downloaded[0m objc2-core-graphics v0.3.2
[1m[92m  Downloaded[0m memchr v2.8.3
[1m[92m  Downloaded[0m synstructure v0.13.2
[1m[92m  Downloaded[0m static_assertions v1.1.0
[1m[92m  Downloaded[0m shlex v2.0.1
[1m[92m  Downloaded[0m security-framework-sys v2.17.0
[1m[92m  Downloaded[0m toml_edit v0.25.13+spec-1.1.0
[1m[92m  Downloaded[0m libc v0.2.189
[1m[92m  Downloaded[0m miniz_oxide v0.8.9
[1m[92m  Downloaded[0m zune-jpeg v0.5.15
[1m[92m  Downloaded[0m zerotrie v0.2.5
[1m[92m  Downloaded[0m icu_properties_data v2.3.0
[1m[92m  Downloaded[0m smol_str v0.2.2
[1m[92m  Downloaded[0m serde_spanned v1.1.1
[1m[92m  Downloaded[0m scopeguard v1.2.0
[1m[92m  Downloaded[0m tiff v0.11.3
[1m[92m  Downloaded[0m proc-macro2 v1.0.107
[1m[92m  Downloaded[0m png v0.18.1
[1m[92m  Downloaded[0m objc2-metal v0.2.2
[1m[92m  Downloaded[0m miniz_oxide v0.9.1
[1m[92m  Downloaded[0m log v0.4.34
[1m[92m  Downloaded[0m hashbrown v0.16.1
[1m[92m  Downloaded[0m hashbrown v0.15.5
[1m[92m  Downloaded[0m hashbrown v0.14.5
[1m[92m  Downloaded[0m glow v0.16.0
[1m[92m  Downloaded[0m epaint v0.33.3
[1m[92m  Downloaded[0m eframe v0.33.3
[1m[92m  Downloaded[0m crossbeam-channel v0.5.17
[1m[92m  Downloaded[0m cc v1.4.5
[1m[92m  Downloaded[0m toml v1.1.5+spec-1.1.0
[1m[92m  Downloaded[0m polyval v0.6.2
[1m[92m  Downloaded[0m parking_lot_core v0.9.12
[1m[92m  Downloaded[0m parking_lot v0.12.5
[1m[92m  Downloaded[0m objc v0.2.7
[1m[92m  Downloaded[0m num-traits v0.2.19
[1m[92m  Downloaded[0m muda v0.19.3
[1m[92m  Downloaded[0m litemap v0.8.3
[1m[92m  Downloaded[0m keyboard-types v0.7.0
[1m[92m  Downloaded[0m yoke v0.8.3
[1m[92m  Downloaded[0m icu_normalizer_data v2.3.0
[1m[92m  Downloaded[0m icu_locale_core v2.3.0
[1m[92m  Downloaded[0m icu_collections v2.3.0
[1m[92m  Downloaded[0m hashbrown v0.17.1
[1m[92m  Downloaded[0m half v2.7.1
[1m[92m  Downloaded[0m glutin v0.32.3
[1m[92m  Downloaded[0m global-hotkey v0.8.0
[1m[92m  Downloaded[0m getrandom v0.4.3
[1m[92m  Downloaded[0m getrandom v0.3.4
[1m[92m  Downloaded[0m egui-wgpu v0.33.3
[1m[92m  Downloaded[0m bytes v1.12.1
[1m[92m  Downloaded[0m borsh v1.8.1
[1m[92m  Downloaded[0m base64 v0.22.1
[1m[92m  Downloaded[0m autocfg v1.5.1
[1m[92m  Downloaded[0m arboard v3.6.1
[1m[92m  Downloaded[0m accesskit_winit v0.29.2
[1m[92m  Downloaded[0m rustc-hash v1.1.0
[1m[92m  Downloaded[0m toml_datetime v1.1.1+spec-1.1.0
[1m[92m  Downloaded[0m tinystr v0.8.4
[1m[92m  Downloaded[0m thiserror-impl v2.0.20
[1m[92m  Downloaded[0m thiserror v2.0.20
[1m[92m  Downloaded[0m raw-window-handle v0.6.2
[1m[92m  Downloaded[0m rand_core v0.9.5
[1m[92m  Downloaded[0m rand_core v0.6.4
[1m[92m  Downloaded[0m rand_chacha v0.3.1
[1m[92m  Downloaded[0m ppv-lite86 v0.2.21
[1m[92m  Downloaded[0m pkg-config v0.3.34
[1m[92m  Downloaded[0m pin-project-lite v0.2.17
[1m[92m  Downloaded[0m percent-encoding v2.3.2
[1m[92m  Downloaded[0m owned_ttf_parser v0.25.1
[1m[92m  Downloaded[0m once_cell v1.21.4
[1m[92m  Downloaded[0m objc2-encode v4.1.0
[1m[92m  Downloaded[0m objc2-core-image v0.2.2
[1m[92m  Downloaded[0m memoffset v0.9.1
[1m[92m  Downloaded[0m jobserver v0.1.35
[1m[92m  Downloaded[0m inout v0.1.4
[1m[92m  Downloaded[0m yoke-derive v0.8.2
[1m[92m  Downloaded[0m writeable v0.6.4
[1m[92m  Downloaded[0m icu_provider v2.3.1
[1m[92m  Downloaded[0m hashlink v0.9.1
[1m[92m  Downloaded[0m foldhash v0.2.0
[1m[92m  Downloaded[0m foldhash v0.1.5
[1m[92m  Downloaded[0m find-msvc-tools v0.1.12
[1m[92m  Downloaded[0m fax v0.2.7
[1m[92m  Downloaded[0m fastrand v2.5.0
[1m[92m  Downloaded[0m emath v0.33.3
[1m[92m  Downloaded[0m egui-winit v0.33.3
[1m[92m  Downloaded[0m ecolor v0.33.3
[1m[92m  Downloaded[0m dispatch2 v0.3.1
[1m[92m  Downloaded[0m digest v0.10.7
[1m[92m  Downloaded[0m crc32fast v1.5.1
[1m[92m  Downloaded[0m core-foundation-sys v0.8.7
[1m[92m  Downloaded[0m core-foundation v0.9.4
[1m[92m  Downloaded[0m cipher v0.4.4
[1m[92m  Downloaded[0m borsh-derive v1.8.1
[1m[92m  Downloaded[0m bit-vec v0.8.0
[1m[92m  Downloaded[0m accesskit_macos v0.22.2
[1m[92m  Downloaded[0m accesskit_consumer v0.31.0
[1m[92m  Downloaded[0m renderdoc-sys v1.1.0
[1m[92m  Downloaded[0m quick-error v2.0.1
[1m[92m  Downloaded[0m profiling v1.0.18
[1m[92m  Downloaded[0m proc-macro-crate v3.5.0
[1m[92m  Downloaded[0m potential_utf v0.1.6
[1m[92m  Downloaded[0m opaque-debug v0.3.1
[1m[92m  Downloaded[0m objc2-quartz-core v0.2.2
[1m[92m  Downloaded[0m objc2-io-surface v0.3.2
[1m[92m  Downloaded[0m objc2-core-data v0.2.2
[1m[92m  Downloaded[0m objc-sys v0.3.5
[1m[92m  Downloaded[0m nohash-hasher v0.2.0
[1m[92m  Downloaded[0m lock_api v0.4.14
[1m[92m  Downloaded[0m libloading v0.8.9
[1m[92m  Downloaded[0m itoa v1.0.18
[1m[92m  Downloaded[0m idna_adapter v1.2.2
[1m[92m  Downloaded[0m zune-core v0.5.3
[1m[92m  Downloaded[0m zmij v1.0.23
[1m[92m  Downloaded[0m zerovec-derive v0.11.6
[1m[92m  Downloaded[0m zerofrom-derive v0.1.7
[1m[92m  Downloaded[0m zerofrom v0.1.8
[1m[92m  Downloaded[0m winnow v1.0.4
[1m[92m  Downloaded[0m wgpu-types v27.0.1
[1m[92m  Downloaded[0m wgpu v27.0.1
[1m[92m  Downloaded[0m type-map v0.5.1
[1m[92m  Downloaded[0m icu_properties v2.3.0
[1m[92m  Downloaded[0m hexf-parse v0.2.1
[1m[92m  Downloaded[0m ghash v0.5.1
[1m[92m  Downloaded[0m generic-array v0.14.7
[1m[92m  Downloaded[0m fs2 v0.4.3
[1m[92m  Downloaded[0m foreign-types-shared v0.3.1
[1m[92m  Downloaded[0m foreign-types-macros v0.2.4
[1m[92m  Downloaded[0m fallible-streaming-iterator v0.1.9
[1m[92m  Downloaded[0m equivalent v1.0.2
[1m[92m  Downloaded[0m embed-resource v3.0.11
[1m[92m  Downloaded[0m dpi v0.1.2
[1m[92m  Downloaded[0m document-features v0.2.12
[1m[92m  Downloaded[0m dispatch v0.2.0
[1m[92m  Downloaded[0m cursor-icon v1.2.0
[1m[92m  Downloaded[0m cpufeatures v0.2.17
[1m[92m  Downloaded[0m cfg_aliases v0.2.2
[1m[92m  Downloaded[0m byteorder-lite v0.1.0
[1m[92m  Downloaded[0m block2 v0.6.2
[1m[92m  Downloaded[0m arrayvec v0.7.8
[1m[92m  Downloaded[0m aead v0.5.2
[1m[92m  Downloaded[0m adler2 v2.0.1
[1m[92m  Downloaded[0m objc2-core-foundation v0.3.2
[1m[92m  Downloaded[0m malloc_buf v0.0.6
[1m[92m  Downloaded[0m litrs v1.0.0
[1m[92m  Downloaded[0m vcpkg v0.2.15
[1m[92m  Downloaded[0m url v2.5.8
[1m[92m  Downloaded[0m unicode-width v0.2.2
[1m[92m  Downloaded[0m unicode-segmentation v1.13.3
[1m[92m  Downloaded[0m unicode-ident v1.0.24
[1m[92m  Downloaded[0m typenum v1.20.1
[1m[92m  Downloaded[0m ttf-parser v0.25.1
[1m[92m  Downloaded[0m tracing-core v0.1.36
[1m[92m  Downloaded[0m tracing v0.1.44
[1m[92m  Downloaded[0m idna v1.1.0
[1m[92m  Downloaded[0m glutin-winit v0.5.0
[1m[92m  Downloaded[0m form_urlencoded v1.2.2
[1m[92m  Downloaded[0m foreign-types v0.5.0
[1m[92m  Downloaded[0m fallible-iterator v0.3.0
[1m[92m  Downloaded[0m errno v0.3.14
[1m[92m  Downloaded[0m egui_glow v0.33.3
[1m[92m  Downloaded[0m displaydoc v0.2.7
[1m[92m  Downloaded[0m ctr v0.9.2
[1m[92m  Downloaded[0m crypto-common v0.1.7
[1m[92m  Downloaded[0m crossbeam-utils v0.8.23
[1m[92m  Downloaded[0m core-graphics-types v0.1.3
[1m[92m  Downloaded[0m core-graphics v0.23.2
[1m[92m  Downloaded[0m codespan-reporting v0.12.0
[1m[92m  Downloaded[0m cgl v0.3.2
[1m[92m  Downloaded[0m cfg-if v1.0.4
[1m[92m  Downloaded[0m bytemuck_derive v1.12.0
[1m[92m  Downloaded[0m bytemuck v1.25.2
[1m[92m  Downloaded[0m block2 v0.5.1
[1m[92m  Downloaded[0m bit-set v0.8.0
[1m[92m  Downloaded[0m webbrowser v1.2.4
[1m[92m  Downloaded[0m web-time v1.1.0
[1m[92m  Downloaded[0m uuid v1.26.0
[1m[92m  Downloaded[0m utf8_iter v1.0.4
[1m[92m  Downloaded[0m tray-icon v0.24.2
[1m[92m  Downloaded[0m toml_writer v1.1.2+spec-1.1.0
[1m[92m  Downloaded[0m toml_parser v1.1.3+spec-1.1.0
[1m[92m  Downloaded[0m ahash v0.8.12
[1m[92m  Downloaded[0m aes-gcm v0.10.3
[1m[92m  Downloaded[0m aes v0.8.4
[1m[92m  Downloaded[0m accesskit v0.21.1
[1m[92m  Downloaded[0m ab_glyph_rasterizer v0.1.10
[1m[92m  Downloaded[0m ab_glyph v0.2.32
[1m[92m  Downloaded[0m universal-hash v0.5.1
[1m[92m  Downloaded[0m tracing-attributes v0.1.31
[1m[92m  Downloaded[0m getrandom v0.2.17
[1m[92m  Downloaded[0m flate2 v1.1.10
[1m[92m  Downloaded[0m fdeflate v0.3.7
[1m[92m  Downloaded[0m bitflags v2.13.1
[1m[92m  Downloaded[0m bitflags v1.3.2
[1m[92m  Downloaded[0m libsqlite3-sys v0.30.1
[1m[92m   Compiling[0m proc-macro2 v1.0.107
[1m[92m   Compiling[0m quote v1.0.47
[1m[92m   Compiling[0m unicode-ident v1.0.24
[1m[92m   Compiling[0m libc v0.2.189
[1m[92m   Compiling[0m cfg-if v1.0.4
[1m[92m   Compiling[0m serde_core v1.0.229
[1m[92m   Compiling[0m syn v3.0.5
[1m[92m   Compiling[0m syn v2.0.119
[1m[92m   Compiling[0m bitflags v2.13.1
[1m[92m   Compiling[0m version_check v0.9.5
[1m[92m   Compiling[0m objc2-encode v4.1.0
[1m[92m   Compiling[0m zerocopy v0.8.56
[1m[92m   Compiling[0m objc2 v0.6.4
[1m[92m   Compiling[0m synstructure v0.13.2
[1m[92m   Compiling[0m stable_deref_trait v1.2.1
[1m[92m   Compiling[0m generic-array v0.14.7
[1m[92m   Compiling[0m once_cell v1.21.4
[1m[92m   Compiling[0m zerovec-derive v0.11.6
[1m[92m   Compiling[0m zerocopy-derive v0.8.56
[1m[92m   Compiling[0m zerofrom-derive v0.1.7
[1m[92m   Compiling[0m yoke-derive v0.8.2
[1m[92m   Compiling[0m zerofrom v0.1.8
[1m[92m   Compiling[0m getrandom v0.2.17
[1m[92m   Compiling[0m yoke v0.8.3
[1m[92m   Compiling[0m typenum v1.20.1
[1m[92m   Compiling[0m zerovec v0.11.8
[1m[92m   Compiling[0m rand_core v0.6.4
[1m[92m   Compiling[0m displaydoc v0.2.7
[1m[92m   Compiling[0m autocfg v1.5.1
[1m[92m   Compiling[0m smallvec v1.16.0
[1m[92m   Compiling[0m objc2-core-foundation v0.3.2
[1m[92m   Compiling[0m simd-adler32 v0.3.10
[1m[92m   Compiling[0m cfg_aliases v0.2.2
[1m[92m   Compiling[0m objc-sys v0.3.5
[1m[92m   Compiling[0m block2 v0.6.2
[1m[92m   Compiling[0m adler2 v2.0.1
[1m[92m   Compiling[0m crc32fast v1.5.1
[1m[92m   Compiling[0m tinystr v0.8.4
[1m[92m   Compiling[0m crypto-common v0.1.7
[1m[92m   Compiling[0m objc2-foundation v0.3.2
[1m[92m   Compiling[0m objc2-core-graphics v0.3.2
[1m[92m   Compiling[0m bytemuck_derive v1.12.0
[1m[92m   Compiling[0m ahash v0.8.12
[1m[92m   Compiling[0m writeable v0.6.4
[1m[92m   Compiling[0m litemap v0.8.3
[1m[92m   Compiling[0m core-foundation-sys v0.8.7
[1m[92m   Compiling[0m icu_locale_core v2.3.0
[1m[92m   Compiling[0m bytemuck v1.25.2
[1m[92m   Compiling[0m objc2 v0.5.2
[1m[92m   Compiling[0m miniz_oxide v0.9.1
[1m[92m   Compiling[0m zerotrie v0.2.5
[1m[92m   Compiling[0m potential_utf v0.1.6
[1m[92m   Compiling[0m icu_properties_data v2.3.0
[1m[92m   Compiling[0m icu_normalizer_data v2.3.0
[1m[92m   Compiling[0m utf8_iter v1.0.4
[1m[92m   Compiling[0m objc2-app-kit v0.3.2
[1m[92m   Compiling[0m icu_collections v2.3.0
[1m[92m   Compiling[0m flate2 v1.1.10
[1m[92m   Compiling[0m icu_provider v2.3.1
[1m[92m   Compiling[0m block2 v0.5.1
[1m[92m   Compiling[0m core-foundation v0.9.4
[1m[92m   Compiling[0m num-traits v0.2.19
[1m[92m   Compiling[0m shlex v2.0.1
[1m[92m   Compiling[0m parking_lot_core v0.9.12
[1m[92m   Compiling[0m unicode-segmentation v1.13.3
[1m[92m   Compiling[0m dispatch v0.2.0
[1m[92m   Compiling[0m find-msvc-tools v0.1.12
[1m[92m   Compiling[0m cc v1.4.5
[1m[92m   Compiling[0m objc2-foundation v0.2.2
[1m[92m   Compiling[0m miniz_oxide v0.8.9
[1m[92m   Compiling[0m fdeflate v0.3.7
[1m[92m   Compiling[0m foreign-types-macros v0.2.4
[1m[92m   Compiling[0m bitflags v1.3.2
[1m[92m   Compiling[0m scopeguard v1.2.0
[1m[92m   Compiling[0m foreign-types-shared v0.3.1
[1m[92m   Compiling[0m ttf-parser v0.25.1
[1m[92m   Compiling[0m accesskit v0.21.1
[1m[92m   Compiling[0m dpi v0.1.2
[1m[92m   Compiling[0m objc2-app-kit v0.2.2
[1m[92m   Compiling[0m owned_ttf_parser v0.25.1
[1m[92m   Compiling[0m foreign-types v0.5.0
[1m[92m   Compiling[0m lock_api v0.4.14
[1m[92m   Compiling[0m core-graphics-types v0.1.3
[1m[92m   Compiling[0m png v0.18.1
[1m[92m   Compiling[0m icu_normalizer v2.3.0
[1m[92m   Compiling[0m icu_properties v2.3.0
[1m[92m   Compiling[0m emath v0.33.3
[1m[92m   Compiling[0m winit v0.30.13
[1m[92m   Compiling[0m pin-project-lite v0.2.17
[1m[92m   Compiling[0m zune-core v0.5.3
[1m[92m   Compiling[0m tracing-core v0.1.36
[1m[92m   Compiling[0m serde v1.0.229
[1m[92m   Compiling[0m raw-window-handle v0.6.2
[1m[92m   Compiling[0m foldhash v0.1.5
[1m[92m   Compiling[0m crossbeam-utils v0.8.23
[1m[92m   Compiling[0m ab_glyph_rasterizer v0.1.10
[1m[92m   Compiling[0m log v0.4.34
[1m[92m   Compiling[0m ab_glyph v0.2.32
[1m[92m   Compiling[0m hashbrown v0.15.5
[1m[92m   Compiling[0m tracing v0.1.44
[1m[92m   Compiling[0m zune-jpeg v0.5.15
[1m[92m   Compiling[0m ecolor v0.33.3
[1m[92m   Compiling[0m parking_lot v0.12.5
[1m[92m   Compiling[0m idna_adapter v1.2.2
[1m[92m   Compiling[0m core-graphics v0.23.2
[1m[92m   Compiling[0m half v2.7.1
[1m[92m   Compiling[0m serde_derive v1.0.229
[1m[92m   Compiling[0m cpufeatures v0.2.17
[1m[92m   Compiling[0m thiserror v2.0.20
[1m[92m   Compiling[0m percent-encoding v2.3.2
[1m[92m   Compiling[0m winnow v1.0.4
[1m[92m   Compiling[0m pxfm v0.1.30
[1m[92m   Compiling[0m weezl v0.1.12
[1m[92m   Compiling[0m nohash-hasher v0.2.0
[1m[92m   Compiling[0m smol_str v0.2.2
[1m[92m   Compiling[0m quick-error v2.0.1
[1m[92m   Compiling[0m cursor-icon v1.2.0
[1m[92m   Compiling[0m epaint_default_fonts v0.33.3
[1m[92m   Compiling[0m fax v0.2.7
[1m[92m   Compiling[0m profiling v1.0.18
[1m[92m   Compiling[0m epaint v0.33.3
[1m[92m   Compiling[0m moxcms v0.8.1
[1m[92m   Compiling[0m tiff v0.11.3
[1m[92m   Compiling[0m toml_parser v1.1.3+spec-1.1.0
[1m[92m   Compiling[0m form_urlencoded v1.2.2
[1m[92m   Compiling[0m idna v1.1.0
[1m[92m   Compiling[0m accesskit_consumer v0.31.0
[1m[92m   Compiling[0m serde_spanned v1.1.1
[1m[92m   Compiling[0m toml_datetime v1.1.1+spec-1.1.0
[1m[92m   Compiling[0m glutin v0.32.3
[1m[92m   Compiling[0m memoffset v0.9.1
[1m[92m   Compiling[0m inout v0.1.4
[1m[92m   Compiling[0m thiserror-impl v2.0.20
[1m[92m   Compiling[0m subtle v2.6.1
[1m[92m   Compiling[0m pkg-config v0.3.34
[1m[92m   Compiling[0m vcpkg v0.2.15
[1m[92m   Compiling[0m getrandom v0.4.3
[1m[92m   Compiling[0m byteorder-lite v0.1.0
[1m[92m   Compiling[0m toml_writer v1.1.2+spec-1.1.0
[1m[92m   Compiling[0m semver v1.0.28
[1m[92m   Compiling[0m image v0.25.10
[1m[92m   Compiling[0m rustc_version v0.4.1
[1m[92m   Compiling[0m toml v1.1.5+spec-1.1.0
[1m[92m   Compiling[0m libsqlite3-sys v0.30.1
[1m[92m   Compiling[0m universal-hash v0.5.1
[1m[92m   Compiling[0m cipher v0.4.4
[1m[92m   Compiling[0m crossbeam-channel v0.5.17
[1m[92m   Compiling[0m accesskit_macos v0.22.2
[1m[92m   Compiling[0m url v2.5.8
[1m[92m   Compiling[0m keyboard-types v0.7.0
[1m[92m   Compiling[0m egui v0.33.3
[1m[92m   Compiling[0m glutin-winit v0.5.0
[1m[92m   Compiling[0m dispatch2 v0.3.1
[1m[92m   Compiling[0m cgl v0.3.2
[1m[92m   Compiling[0m libloading v0.8.9
[1m[92m   Compiling[0m opaque-debug v0.3.1
[1m[92m   Compiling[0m zmij v1.0.23
[1m[92m   Compiling[0m memchr v2.8.3
[1m[92m   Compiling[0m rustix v1.1.4
[1m[92m   Compiling[0m embed-resource v3.0.11
[1m[92m   Compiling[0m polyval v0.6.2
[1m[92m   Compiling[0m webbrowser v1.2.4
[1m[92m   Compiling[0m arboard v3.6.1
[1m[92m   Compiling[0m accesskit_winit v0.29.2
[1m[92m   Compiling[0m hashbrown v0.14.5
[1m[92m   Compiling[0m ppv-lite86 v0.2.21
[1m[92m   Compiling[0m block-buffer v0.10.4
[1m[92m   Compiling[0m errno v0.3.14
[1m[92m   Compiling[0m rust_decimal v1.43.0
[1m[92m   Compiling[0m litrs v1.0.0
[1m[92m   Compiling[0m glow v0.16.0
[1m[92m   Compiling[0m serde_json v1.0.151
[1m[92m   Compiling[0m pinyin v0.11.0
[1m[92m   Compiling[0m web-time v1.1.0
[1m[92m   Compiling[0m egui-winit v0.33.3
[1m[92m   Compiling[0m egui_glow v0.33.3
[1m[92m   Compiling[0m document-features v0.2.12
[1m[92m   Compiling[0m digest v0.10.7
[1m[92m   Compiling[0m rand_chacha v0.3.1
[1m[92m   Compiling[0m hashlink v0.9.1
[1m[92m   Compiling[0m ghash v0.5.1
[1m[92m   Compiling[0m clibo-native v0.6.0 (/Users/runner/work/clibo/clibo/native)
[1m[92m   Compiling[0m muda v0.19.3
[1m[92m   Compiling[0m ctr v0.9.2
[1m[92m   Compiling[0m aes v0.8.4
[1m[92m   Compiling[0m security-framework-sys v2.17.0
[1m[92m   Compiling[0m aead v0.5.2
[1m[92m   Compiling[0m malloc_buf v0.0.6
[1m[92m   Compiling[0m arrayvec v0.7.8
[1m[92m   Compiling[0m static_assertions v1.1.0
[1m[92m   Compiling[0m fallible-streaming-iterator v0.1.9
[1m[92m   Compiling[0m fastrand v2.5.0
[1m[92m   Compiling[0m itoa v1.0.18
[1m[92m   Compiling[0m fallible-iterator v0.3.0
[1m[92m   Compiling[0m rusqlite v0.32.1
[1m[92m   Compiling[0m tempfile v3.27.0
[1m[92m   Compiling[0m tray-icon v0.24.2
[1m[92m   Compiling[0m eframe v0.33.3
[1m[92m   Compiling[0m objc v0.2.7
[1m[92m   Compiling[0m aes-gcm v0.10.3
[1m[92m   Compiling[0m security-framework v2.11.1
[1m[92m   Compiling[0m rand v0.8.8
[1m[92m   Compiling[0m sha2 v0.10.9
[1m[92m   Compiling[0m uuid v1.26.0
[1m[92m   Compiling[0m global-hotkey v0.8.0
[1m[92m   Compiling[0m fs2 v0.4.3
[1m[92m   Compiling[0m base64 v0.22.1
[1m[33mwarning[0m[1m: unexpected `cfg` condition value: `cargo-clippy`[0m
  [1m[94m--> [0msrc/mac_platform.rs:30:43
   [1m[94m|[0m
[1m[94m30[0m [1m[94m|[0m     let allocated: *mut Object = unsafe { msg_send![class!(NSString), alloc] };
   [1m[94m|[0m                                           [1m[33m^^^^^^^^^^^^^^^^^^^^^^^^^^^^^^^^^^[0m
   [1m[94m|[0m
   [1m[94m= [0m[1mnote[0m: no expected values for `feature`
   [1m[94m= [0m[1mnote[0m: using a cfg inside a macro will use the cfgs from the destination crate and not the ones from the defining crate
   [1m[94m= [0m[1mhelp[0m: try referring to `sel_impl` crate for guidance on how handle this unexpected cfg
   [1m[94m= [0m[1mhelp[0m: the macro `sel_impl` may come from an old version of the `objc` crate, try updating your dependency with `cargo update -p objc`
   [1m[94m= [0m[1mnote[0m: see <https://doc.rust-lang.org/nightly/rustc/check-cfg/cargo-specifics.html> for more information about checking conditional configuration
   [1m[94m= [0m[1mnote[0m: `#[warn(unexpected_cfgs)]` on by default
   [1m[94m= [0m[1mnote[0m: this warning originates in the macro `sel_impl` which comes from the expansion of the macro `msg_send` (in Nightly builds, run with -Z macro-backtrace for more info)

[1m[33mwarning[0m[1m: unexpected `cfg` condition value: `cargo-clippy`[0m
  [1m[94m--> [0msrc/mac_platform.rs:30:53
   [1m[94m|[0m
[1m[94m30[0m [1m[94m|[0m     let allocated: *mut Object = unsafe { msg_send![class!(NSString), alloc] };
   [1m[94m|[0m                                                     [1m[33m^^^^^^^^^^^^^^^^[0m
   [1m[94m|[0m
   [1m[94m= [0m[1mnote[0m: no expected values for `feature`
   [1m[94m= [0m[1mnote[0m: using a cfg inside a macro will use the cfgs from the destination crate and not the ones from the defining crate
   [1m[94m= [0m[1mhelp[0m: try referring to `class` crate for guidance on how handle this unexpected cfg
   [1m[94m= [0m[1mhelp[0m: the macro `class` may come from an old version of the `objc` crate, try updating your dependency with `cargo update -p objc`
   [1m[94m= [0m[1mnote[0m: see <https://doc.rust-lang.org/nightly/rustc/check-cfg/cargo-specifics.html> for more information about checking conditional configuration
   [1m[94m= [0m[1mnote[0m: this warning originates in the macro `class` (in Nightly builds, run with -Z macro-backtrace for more info)

[1m[33mwarning[0m[1m: unexpected `cfg` condition value: `cargo-clippy`[0m
  [1m[94m--> [0msrc/mac_platform.rs:32:9
   [1m[94m|[0m
[1m[94m32[0m [1m[94m|[0m         msg_send![allocated,initWithBytes:text.as_ptr() length:text.len() encoding:4usize]
   [1m[94m|[0m         [1m[33m^^^^^^^^^^^^^^^^^^^^^^^^^^^^^^^^^^^^^^^^^^^^^^^^^^^^^^^^^^^^^^^^^^^^^^^^^^^^^^^^^^[0m
   [1m[94m|[0m
   [1m[94m= [0m[1mnote[0m: no expected values for `feature`
   [1m[94m= [0m[1mnote[0m: using a cfg inside a macro will use the cfgs from the destination crate and not the ones from the defining crate
   [1m[94m= [0m[1mhelp[0m: try referring to `sel_impl` crate for guidance on how handle this unexpected cfg
   [1m[94m= [0m[1mhelp[0m: the macro `sel_impl` may come from an old version of the `objc` crate, try updating your dependency with `cargo update -p objc`
   [1m[94m= [0m[1mnote[0m: see <https://doc.rust-lang.org/nightly/rustc/check-cfg/cargo-specifics.html> for more information about checking conditional configuration
   [1m[94m= [0m[1mnote[0m: this warning originates in the macro `sel_impl` which comes from the expansion of the macro `msg_send` (in Nightly builds, run with -Z macro-backtrace for more info)

[1m[33mwarning[0m[1m: unexpected `cfg` condition value: `cargo-clippy`[0m
  [1m[94m--> [0msrc/mac_platform.rs:34:14
   [1m[94m|[0m
[1m[94m34[0m [1m[94m|[0m     unsafe { msg_send![string, autorelease] }
   [1m[94m|[0m              [1m[33m^^^^^^^^^^^^^^^^^^^^^^^^^^^^^^[0m
   [1m[94m|[0m
   [1m[94m= [0m[1mnote[0m: no expected values for `feature`
   [1m[94m= [0m[1mnote[0m: using a cfg inside a macro will use the cfgs from the destination crate and not the ones from the defining crate
   [1m[94m= [0m[1mhelp[0m: try referring to `sel_impl` crate for guidance on how handle this unexpected cfg
   [1m[94m= [0m[1mhelp[0m: the macro `sel_impl` may come from an old version of the `objc` crate, try updating your dependency with `cargo update -p objc`
   [1m[94m= [0m[1mnote[0m: see <https://doc.rust-lang.org/nightly/rustc/check-cfg/cargo-specifics.html> for more information about checking conditional configuration
   [1m[94m= [0m[1mnote[0m: this warning originates in the macro `sel_impl` which comes from the expansion of the macro `msg_send` (in Nightly builds, run with -Z macro-backtrace for more info)

[1m[33mwarning[0m[1m: unexpected `cfg` condition value: `cargo-clippy`[0m
  [1m[94m--> [0msrc/mac_platform.rs:40:49
   [1m[94m|[0m
[1m[94m40[0m [1m[94m|[0m     let ptr: *const std::ffi::c_char = unsafe { msg_send![value, UTF8String] };
   [1m[94m|[0m                                                 [1m[33m^^^^^^^^^^^^^^^^^^^^^^^^^^^^[0m
   [1m[94m|[0m
   [1m[94m= [0m[1mnote[0m: no expected values for `feature`
   [1m[94m= [0m[1mnote[0m: using a cfg inside a macro will use the cfgs from the destination crate and not the ones from the defining crate
   [1m[94m= [0m[1mhelp[0m: try referring to `sel_impl` crate for guidance on how handle this unexpected cfg
   [1m[94m= [0m[1mhelp[0m: the macro `sel_impl` may come from an old version of the `objc` crate, try updating your dependency with `cargo update -p objc`
   [1m[94m= [0m[1mnote[0m: see <https://doc.rust-lang.org/nightly/rustc/check-cfg/cargo-specifics.html> for more information about checking conditional configuration
   [1m[94m= [0m[1mnote[0m: this warning originates in the macro `sel_impl` which comes from the expansion of the macro `msg_send` (in Nightly builds, run with -Z macro-backtrace for more info)

[1m[33mwarning[0m[1m: unexpected `cfg` condition value: `cargo-clippy`[0m
  [1m[94m--> [0msrc/mac_platform.rs:51:33
   [1m[94m|[0m
[1m[94m51[0m [1m[94m|[0m         let pool: *mut Object = msg_send![class!(NSAutoreleasePool), new];
   [1m[94m|[0m                                 [1m[33m^^^^^^^^^^^^^^^^^^^^^^^^^^^^^^^^^^^^^^^^^[0m
   [1m[94m|[0m
   [1m[94m= [0m[1mnote[0m: no expected values for `feature`
   [1m[94m= [0m[1mnote[0m: using a cfg inside a macro will use the cfgs from the destination crate and not the ones from the defining crate
   [1m[94m= [0m[1mhelp[0m: try referring to `sel_impl` crate for guidance on how handle this unexpected cfg
   [1m[94m= [0m[1mhelp[0m: the macro `sel_impl` may come from an old version of the `objc` crate, try updating your dependency with `cargo update -p objc`
   [1m[94m= [0m[1mnote[0m: see <https://doc.rust-lang.org/nightly/rustc/check-cfg/cargo-specifics.html> for more information about checking conditional configuration
   [1m[94m= [0m[1mnote[0m: this warning originates in the macro `sel_impl` which comes from the expansion of the macro `msg_send` (in Nightly builds, run with -Z macro-backtrace for more info)

[1m[33mwarning[0m[1m: unexpected `cfg` condition value: `cargo-clippy`[0m
  [1m[94m--> [0msrc/mac_platform.rs:51:43
   [1m[94m|[0m
[1m[94m51[0m [1m[94m|[0m         let pool: *mut Object = msg_send![class!(NSAutoreleasePool), new];
   [1m[94m|[0m                                           [1m[33m^^^^^^^^^^^^^^^^^^^^^^^^^[0m
   [1m[94m|[0m
   [1m[94m= [0m[1mnote[0m: no expected values for `feature`
   [1m[94m= [0m[1mnote[0m: using a cfg inside a macro will use the cfgs from the destination crate and not the ones from the defining crate
   [1m[94m= [0m[1mhelp[0m: try referring to `class` crate for guidance on how handle this unexpected cfg
   [1m[94m= [0m[1mhelp[0m: the macro `class` may come from an old version of the `objc` crate, try updating your dependency with `cargo update -p objc`
   [1m[94m= [0m[1mnote[0m: see <https://doc.rust-lang.org/nightly/rustc/check-cfg/cargo-specifics.html> for more information about checking conditional configuration
   [1m[94m= [0m[1mnote[0m: this warning originates in the macro `class` (in Nightly builds, run with -Z macro-backtrace for more info)

[1m[33mwarning[0m[1m: unexpected `cfg` condition value: `cargo-clippy`[0m
  [1m[94m--> [0msrc/mac_platform.rs:53:21
   [1m[94m|[0m
[1m[94m53[0m [1m[94m|[0m         let _: () = msg_send![pool, drain];
   [1m[94m|[0m                     [1m[33m^^^^^^^^^^^^^^^^^^^^^^[0m
   [1m[94m|[0m
   [1m[94m= [0m[1mnote[0m: no expected values for `feature`
   [1m[94m= [0m[1mnote[0m: using a cfg inside a macro will use the cfgs from the destination crate and not the ones from the defining crate
   [1m[94m= [0m[1mhelp[0m: try referring to `sel_impl` crate for guidance on how handle this unexpected cfg
   [1m[94m= [0m[1mhelp[0m: the macro `sel_impl` may come from an old version of the `objc` crate, try updating your dependency with `cargo update -p objc`
   [1m[94m= [0m[1mnote[0m: see <https://doc.rust-lang.org/nightly/rustc/check-cfg/cargo-specifics.html> for more information about checking conditional configuration
   [1m[94m= [0m[1mnote[0m: this warning originates in the macro `sel_impl` which comes from the expansion of the macro `msg_send` (in Nightly builds, run with -Z macro-backtrace for more info)

[1m[33mwarning[0m[1m: unexpected `cfg` condition value: `cargo-clippy`[0m
  [1m[94m--> [0msrc/mac_platform.rs:59:34
   [1m[94m|[0m
[1m[94m59[0m [1m[94m|[0m         let board: *mut Object = msg_send![class!(NSPasteboard), generalPasteboard];
   [1m[94m|[0m                                  [1m[33m^^^^^^^^^^^^^^^^^^^^^^^^^^^^^^^^^^^^^^^^^^^^^^^^^^[0m
   [1m[94m|[0m
   [1m[94m= [0m[1mnote[0m: no expected values for `feature`
   [1m[94m= [0m[1mnote[0m: using a cfg inside a macro will use the cfgs from the destination crate and not the ones from the defining crate
   [1m[94m= [0m[1mhelp[0m: try referring to `sel_impl` crate for guidance on how handle this unexpected cfg
   [1m[94m= [0m[1mhelp[0m: the macro `sel_impl` may come from an old version of the `objc` crate, try updating your dependency with `cargo update -p objc`
   [1m[94m= [0m[1mnote[0m: see <https://doc.rust-lang.org/nightly/rustc/check-cfg/cargo-specifics.html> for more information about checking conditional configuration
   [1m[94m= [0m[1mnote[0m: this warning originates in the macro `sel_impl` which comes from the expansion of the macro `msg_send` (in Nightly builds, run with -Z macro-backtrace for more info)

[1m[33mwarning[0m[1m: unexpected `cfg` condition value: `cargo-clippy`[0m
  [1m[94m--> [0msrc/mac_platform.rs:59:44
   [1m[94m|[0m
[1m[94m59[0m [1m[94m|[0m         let board: *mut Object = msg_send![class!(NSPasteboard), generalPasteboard];
   [1m[94m|[0m                                            [1m[33m^^^^^^^^^^^^^^^^^^^^[0m
   [1m[94m|[0m
   [1m[94m= [0m[1mnote[0m: no expected values for `feature`
   [1m[94m= [0m[1mnote[0m: using a cfg inside a macro will use the cfgs from the destination crate and not the ones from the defining crate
   [1m[94m= [0m[1mhelp[0m: try referring to `class` crate for guidance on how handle this unexpected cfg
   [1m[94m= [0m[1mhelp[0m: the macro `class` may come from an old version of the `objc` crate, try updating your dependency with `cargo update -p objc`
   [1m[94m= [0m[1mnote[0m: see <https://doc.rust-lang.org/nightly/rustc/check-cfg/cargo-specifics.html> for more information about checking conditional configuration
   [1m[94m= [0m[1mnote[0m: this warning originates in the macro `class` (in Nightly builds, run with -Z macro-backtrace for more info)

[1m[33mwarning[0m[1m: unexpected `cfg` condition value: `cargo-clippy`[0m
  [1m[94m--> [0msrc/mac_platform.rs:60:9
   [1m[94m|[0m
[1m[94m60[0m [1m[94m|[0m         msg_send![board, changeCount]
   [1m[94m|[0m         [1m[33m^^^^^^^^^^^^^^^^^^^^^^^^^^^^^[0m
   [1m[94m|[0m
   [1m[94m= [0m[1mnote[0m: no expected values for `feature`
   [1m[94m= [0m[1mnote[0m: using a cfg inside a macro will use the cfgs from the destination crate and not the ones from the defining crate
   [1m[94m= [0m[1mhelp[0m: try referring to `sel_impl` crate for guidance on how handle this unexpected cfg
   [1m[94m= [0m[1mhelp[0m: the macro `sel_impl` may come from an old version of the `objc` crate, try updating your dependency with `cargo update -p objc`
   [1m[94m= [0m[1mnote[0m: see <https://doc.rust-lang.org/nightly/rustc/check-cfg/cargo-specifics.html> for more information about checking conditional configuration
   [1m[94m= [0m[1mnote[0m: this warning originates in the macro `sel_impl` which comes from the expansion of the macro `msg_send` (in Nightly builds, run with -Z macro-backtrace for more info)

[1m[33mwarning[0m[1m: unexpected `cfg` condition value: `cargo-clippy`[0m
  [1m[94m--> [0msrc/mac_platform.rs:82:38
   [1m[94m|[0m
[1m[94m82[0m [1m[94m|[0m         let workspace: *mut Object = msg_send![class!(NSWorkspace), sharedWorkspace];
   [1m[94m|[0m                                      [1m[33m^^^^^^^^^^^^^^^^^^^^^^^^^^^^^^^^^^^^^^^^^^^^^^^[0m
   [1m[94m|[0m
   [1m[94m= [0m[1mnote[0m: no expected values for `feature`
   [1m[94m= [0m[1mnote[0m: using a cfg inside a macro will use the cfgs from the destination crate and not the ones from the defining crate
   [1m[94m= [0m[1mhelp[0m: try referring to `sel_impl` crate for guidance on how handle this unexpected cfg
   [1m[94m= [0m[1mhelp[0m: the macro `sel_impl` may come from an old version of the `objc` crate, try updating your dependency with `cargo update -p objc`
   [1m[94m= [0m[1mnote[0m: see <https://doc.rust-lang.org/nightly/rustc/check-cfg/cargo-specifics.html> for more information about checking conditional configuration
   [1m[94m= [0m[1mnote[0m: this warning originates in the macro `sel_impl` which comes from the expansion of the macro `msg_send` (in Nightly builds, run with -Z macro-backtrace for more info)

[1m[33mwarning[0m[1m: unexpected `cfg` condition value: `cargo-clippy`[0m
  [1m[94m--> [0msrc/mac_platform.rs:82:48
   [1m[94m|[0m
[1m[94m82[0m [1m[94m|[0m         let workspace: *mut Object = msg_send![class!(NSWorkspace), sharedWorkspace];
   [1m[94m|[0m                                                [1m[33m^^^^^^^^^^^^^^^^^^^[0m
   [1m[94m|[0m
   [1m[94m= [0m[1mnote[0m: no expected values for `feature`
   [1m[94m= [0m[1mnote[0m: using a cfg inside a macro will use the cfgs from the destination crate and not the ones from the defining crate
   [1m[94m= [0m[1mhelp[0m: try referring to `class` crate for guidance on how handle this unexpected cfg
   [1m[94m= [0m[1mhelp[0m: the macro `class` may come from an old version of the `objc` crate, try updating your dependency with `cargo update -p objc`
   [1m[94m= [0m[1mnote[0m: see <https://doc.rust-lang.org/nightly/rustc/check-cfg/cargo-specifics.html> for more information about checking conditional configuration
   [1m[94m= [0m[1mnote[0m: this warning originates in the macro `class` (in Nightly builds, run with -Z macro-backtrace for more info)

[1m[33mwarning[0m[1m: unexpected `cfg` condition value: `cargo-clippy`[0m
  [1m[94m--> [0msrc/mac_platform.rs:83:32
   [1m[94m|[0m
[1m[94m83[0m [1m[94m|[0m         let app: *mut Object = msg_send![workspace, frontmostApplication];
   [1m[94m|[0m                                [1m[33m^^^^^^^^^^^^^^^^^^^^^^^^^^^^^^^^^^^^^^^^^^[0m
   [1m[94m|[0m
   [1m[94m= [0m[1mnote[0m: no expected values for `feature`
   [1m[94m= [0m[1mnote[0m: using a cfg inside a macro will use the cfgs from the destination crate and not the ones from the defining crate
   [1m[94m= [0m[1mhelp[0m: try referring to `sel_impl` crate for guidance on how handle this unexpected cfg
   [1m[94m= [0m[1mhelp[0m: the macro `sel_impl` may come from an old version of the `objc` crate, try updating your dependency with `cargo update -p objc`
   [1m[94m= [0m[1mnote[0m: see <https://doc.rust-lang.org/nightly/rustc/check-cfg/cargo-specifics.html> for more information about checking conditional configuration
   [1m[94m= [0m[1mnote[0m: this warning originates in the macro `sel_impl` which comes from the expansion of the macro `msg_send` (in Nightly builds, run with -Z macro-backtrace for more info)

[1m[33mwarning[0m[1m: unexpected `cfg` condition value: `cargo-clippy`[0m
  [1m[94m--> [0msrc/mac_platform.rs:87:28
   [1m[94m|[0m
[1m[94m87[0m [1m[94m|[0m             let pid: i32 = msg_send![app, processIdentifier];
   [1m[94m|[0m                            [1m[33m^^^^^^^^^^^^^^^^^^^^^^^^^^^^^^^^^[0m
   [1m[94m|[0m
   [1m[94m= [0m[1mnote[0m: no expected values for `feature`
   [1m[94m= [0m[1mnote[0m: using a cfg inside a macro will use the cfgs from the destination crate and not the ones from the defining crate
   [1m[94m= [0m[1mhelp[0m: try referring to `sel_impl` crate for guidance on how handle this unexpected cfg
   [1m[94m= [0m[1mhelp[0m: the macro `sel_impl` may come from an old version of the `objc` crate, try updating your dependency with `cargo update -p objc`
   [1m[94m= [0m[1mnote[0m: see <https://doc.rust-lang.org/nightly/rustc/check-cfg/cargo-specifics.html> for more information about checking conditional configuration
   [1m[94m= [0m[1mnote[0m: this warning originates in the macro `sel_impl` which comes from the expansion of the macro `msg_send` (in Nightly builds, run with -Z macro-backtrace for more info)

[1m[33mwarning[0m[1m: unexpected `cfg` condition value: `cargo-clippy`[0m
  [1m[94m--> [0msrc/mac_platform.rs:97:32
   [1m[94m|[0m
[1m[94m97[0m [1m[94m|[0m         let app: *mut Object = msg_send![class!(NSRunningApplication),runningApplicationWithProcessIdentifier:target as i32];
   [1m[94m|[0m                                [1m[33m^^^^^^^^^^^^^^^^^^^^^^^^^^^^^^^^^^^^^^^^^^^^^^^^^^^^^^^^^^^^^^^^^^^^^^^^^^^^^^^^^^^^^^^^^^^^^[0m
   [1m[94m|[0m
   [1m[94m= [0m[1mnote[0m: no expected values for `feature`
   [1m[94m= [0m[1mnote[0m: using a cfg inside a macro will use the cfgs from the destination crate and not the ones from the defining crate
   [1m[94m= [0m[1mhelp[0m: try referring to `sel_impl` crate for guidance on how handle this unexpected cfg
   [1m[94m= [0m[1mhelp[0m: the macro `sel_impl` may come from an old version of the `objc` crate, try updating your dependency with `cargo update -p objc`
   [1m[94m= [0m[1mnote[0m: see <https://doc.rust-lang.org/nightly/rustc/check-cfg/cargo-specifics.html> for more information about checking conditional configuration
   [1m[94m= [0m[1mnote[0m: this warning originates in the macro `sel_impl` which comes from the expansion of the macro `msg_send` (in Nightly builds, run with -Z macro-backtrace for more info)

[1m[33mwarning[0m[1m: unexpected `cfg` condition value: `cargo-clippy`[0m
  [1m[94m--> [0msrc/mac_platform.rs:97:42
   [1m[94m|[0m
[1m[94m97[0m [1m[94m|[0m         let app: *mut Object = msg_send![class!(NSRunningApplication),runningApplicationWithProcessIdentifier:target as i32];
   [1m[94m|[0m                                          [1m[33m^^^^^^^^^^^^^^^^^^^^^^^^^^^^[0m
   [1m[94m|[0m
   [1m[94m= [0m[1mnote[0m: no expected values for `feature`
   [1m[94m= [0m[1mnote[0m: using a cfg inside a macro will use the cfgs from the destination crate and not the ones from the defining crate
   [1m[94m= [0m[1mhelp[0m: try referring to `class` crate for guidance on how handle this unexpected cfg
   [1m[94m= [0m[1mhelp[0m: the macro `class` may come from an old version of the `objc` crate, try updating your dependency with `cargo update -p objc`
   [1m[94m= [0m[1mnote[0m: see <https://doc.rust-lang.org/nightly/rustc/check-cfg/cargo-specifics.html> for more information about checking conditional configuration
   [1m[94m= [0m[1mnote[0m: this warning originates in the macro `class` (in Nightly builds, run with -Z macro-backtrace for more info)

[1m[33mwarning[0m[1m: unexpected `cfg` condition value: `cargo-clippy`[0m
   [1m[94m--> [0msrc/mac_platform.rs:101:28
    [1m[94m|[0m
[1m[94m101[0m [1m[94m|[0m             let ok: bool = msg_send![app,activateWithOptions:2usize];
    [1m[94m|[0m                            [1m[33m^^^^^^^^^^^^^^^^^^^^^^^^^^^^^^^^^^^^^^^^^[0m
    [1m[94m|[0m
    [1m[94m= [0m[1mnote[0m: no expected values for `feature`
    [1m[94m= [0m[1mnote[0m: using a cfg inside a macro will use the cfgs from the destination crate and not the ones from the defining crate
    [1m[94m= [0m[1mhelp[0m: try referring to `sel_impl` crate for guidance on how handle this unexpected cfg
    [1m[94m= [0m[1mhelp[0m: the macro `sel_impl` may come from an old version of the `objc` crate, try updating your dependency with `cargo update -p objc`
    [1m[94m= [0m[1mnote[0m: see <https://doc.rust-lang.org/nightly/rustc/check-cfg/cargo-specifics.html> for more information about checking conditional configuration
    [1m[94m= [0m[1mnote[0m: this warning originates in the macro `sel_impl` which comes from the expansion of the macro `msg_send` (in Nightly builds, run with -Z macro-backtrace for more info)

[1m[33mwarning[0m[1m: unexpected `cfg` condition value: `cargo-clippy`[0m
   [1m[94m--> [0msrc/mac_platform.rs:108:34
    [1m[94m|[0m
[1m[94m108[0m [1m[94m|[0m         let board: *mut Object = msg_send![class!(NSPasteboard), generalPasteboard];
    [1m[94m|[0m                                  [1m[33m^^^^^^^^^^^^^^^^^^^^^^^^^^^^^^^^^^^^^^^^^^^^^^^^^^[0m
    [1m[94m|[0m
    [1m[94m= [0m[1mnote[0m: no expected values for `feature`
    [1m[94m= [0m[1mnote[0m: using a cfg inside a macro will use the cfgs from the destination crate and not the ones from the defining crate
    [1m[94m= [0m[1mhelp[0m: try referring to `sel_impl` crate for guidance on how handle this unexpected cfg
    [1m[94m= [0m[1mhelp[0m: the macro `sel_impl` may come from an old version of the `objc` crate, try updating your dependency with `cargo update -p objc`
    [1m[94m= [0m[1mnote[0m: see <https://doc.rust-lang.org/nightly/rustc/check-cfg/cargo-specifics.html> for more information about checking conditional configuration
    [1m[94m= [0m[1mnote[0m: this warning originates in the macro `sel_impl` which comes from the expansion of the macro `msg_send` (in Nightly builds, run with -Z macro-backtrace for more info)

[1m[33mwarning[0m[1m: unexpected `cfg` condition value: `cargo-clippy`[0m
   [1m[94m--> [0msrc/mac_platform.rs:108:44
    [1m[94m|[0m
[1m[94m108[0m [1m[94m|[0m         let board: *mut Object = msg_send![class!(NSPasteboard), generalPasteboard];
    [1m[94m|[0m                                            [1m[33m^^^^^^^^^^^^^^^^^^^^[0m
    [1m[94m|[0m
    [1m[94m= [0m[1mnote[0m: no expected values for `feature`
    [1m[94m= [0m[1mnote[0m: using a cfg inside a macro will use the cfgs from the destination crate and not the ones from the defining crate
    [1m[94m= [0m[1mhelp[0m: try referring to `class` crate for guidance on how handle this unexpected cfg
    [1m[94m= [0m[1mhelp[0m: the macro `class` may come from an old version of the `objc` crate, try updating your dependency with `cargo update -p objc`
    [1m[94m= [0m[1mnote[0m: see <https://doc.rust-lang.org/nightly/rustc/check-cfg/cargo-specifics.html> for more information about checking conditional configuration
    [1m[94m= [0m[1mnote[0m: this warning originates in the macro `class` (in Nightly builds, run with -Z macro-backtrace for more info)

[1m[33mwarning[0m[1m: unexpected `cfg` condition value: `cargo-clippy`[0m
   [1m[94m--> [0msrc/mac_platform.rs:109:34
    [1m[94m|[0m
[1m[94m109[0m [1m[94m|[0m         let types: *mut Object = msg_send![board, types];
    [1m[94m|[0m                                  [1m[33m^^^^^^^^^^^^^^^^^^^^^^^[0m
    [1m[94m|[0m
    [1m[94m= [0m[1mnote[0m: no expected values for `feature`
    [1m[94m= [0m[1mnote[0m: using a cfg inside a macro will use the cfgs from the destination crate and not the ones from the defining crate
    [1m[94m= [0m[1mhelp[0m: try referring to `sel_impl` crate for guidance on how handle this unexpected cfg
    [1m[94m= [0m[1mhelp[0m: the macro `sel_impl` may come from an old version of the `objc` crate, try updating your dependency with `cargo update -p objc`
    [1m[94m= [0m[1mnote[0m: see <https://doc.rust-lang.org/nightly/rustc/check-cfg/cargo-specifics.html> for more information about checking conditional configuration
    [1m[94m= [0m[1mnote[0m: this warning originates in the macro `sel_impl` which comes from the expansion of the macro `msg_send` (in Nightly builds, run with -Z macro-backtrace for more info)

[1m[33mwarning[0m[1m: unexpected `cfg` condition value: `cargo-clippy`[0m
   [1m[94m--> [0msrc/mac_platform.rs:118:29
    [1m[94m|[0m
[1m[94m118[0m [1m[94m|[0m             let has: bool = msg_send![types,containsObject:ns(t)];
    [1m[94m|[0m                             [1m[33m^^^^^^^^^^^^^^^^^^^^^^^^^^^^^^^^^^^^^[0m
    [1m[94m|[0m
    [1m[94m= [0m[1mnote[0m: no expected values for `feature`
    [1m[94m= [0m[1mnote[0m: using a cfg inside a macro will use the cfgs from the destination crate and not the ones from the defining crate
    [1m[94m= [0m[1mhelp[0m: try referring to `sel_impl` crate for guidance on how handle this unexpected cfg
    [1m[94m= [0m[1mhelp[0m: the macro `sel_impl` may come from an old version of the `objc` crate, try updating your dependency with `cargo update -p objc`
    [1m[94m= [0m[1mnote[0m: see <https://doc.rust-lang.org/nightly/rustc/check-cfg/cargo-specifics.html> for more information about checking conditional configuration
    [1m[94m= [0m[1mnote[0m: this warning originates in the macro `sel_impl` which comes from the expansion of the macro `msg_send` (in Nightly builds, run with -Z macro-backtrace for more info)

[1m[33mwarning[0m[1m: unexpected `cfg` condition value: `cargo-clippy`[0m
   [1m[94m--> [0msrc/mac_platform.rs:126:38
    [1m[94m|[0m
[1m[94m126[0m [1m[94m|[0m         let workspace: *mut Object = msg_send![class!(NSWorkspace), sharedWorkspace];
    [1m[94m|[0m                                      [1m[33m^^^^^^^^^^^^^^^^^^^^^^^^^^^^^^^^^^^^^^^^^^^^^^^[0m
    [1m[94m|[0m
    [1m[94m= [0m[1mnote[0m: no expected values for `feature`
    [1m[94m= [0m[1mnote[0m: using a cfg inside a macro will use the cfgs from the destination crate and not the ones from the defining crate
    [1m[94m= [0m[1mhelp[0m: try referring to `sel_impl` crate for guidance on how handle this unexpected cfg
    [1m[94m= [0m[1mhelp[0m: the macro `sel_impl` may come from an old version of the `objc` crate, try updating your dependency with `cargo update -p objc`
    [1m[94m= [0m[1mnote[0m: see <https://doc.rust-lang.org/nightly/rustc/check-cfg/cargo-specifics.html> for more information about checking conditional configuration
    [1m[94m= [0m[1mnote[0m: this warning originates in the macro `sel_impl` which comes from the expansion of the macro `msg_send` (in Nightly builds, run with -Z macro-backtrace for more info)

[1m[33mwarning[0m[1m: unexpected `cfg` condition value: `cargo-clippy`[0m
   [1m[94m--> [0msrc/mac_platform.rs:126:48
    [1m[94m|[0m
[1m[94m126[0m [1m[94m|[0m         let workspace: *mut Object = msg_send![class!(NSWorkspace), sharedWorkspace];
    [1m[94m|[0m                                                [1m[33m^^^^^^^^^^^^^^^^^^^[0m
    [1m[94m|[0m
    [1m[94m= [0m[1mnote[0m: no expected values for `feature`
    [1m[94m= [0m[1mnote[0m: using a cfg inside a macro will use the cfgs from the destination crate and not the ones from the defining crate
    [1m[94m= [0m[1mhelp[0m: try referring to `class` crate for guidance on how handle this unexpected cfg
    [1m[94m= [0m[1mhelp[0m: the macro `class` may come from an old version of the `objc` crate, try updating your dependency with `cargo update -p objc`
    [1m[94m= [0m[1mnote[0m: see <https://doc.rust-lang.org/nightly/rustc/check-cfg/cargo-specifics.html> for more information about checking conditional configuration
    [1m[94m= [0m[1mnote[0m: this warning originates in the macro `class` (in Nightly builds, run with -Z macro-backtrace for more info)

[1m[33mwarning[0m[1m: unexpected `cfg` condition value: `cargo-clippy`[0m
   [1m[94m--> [0msrc/mac_platform.rs:127:32
    [1m[94m|[0m
[1m[94m127[0m [1m[94m|[0m         let app: *mut Object = msg_send![workspace, frontmostApplication];
    [1m[94m|[0m                                [1m[33m^^^^^^^^^^^^^^^^^^^^^^^^^^^^^^^^^^^^^^^^^^[0m
    [1m[94m|[0m
    [1m[94m= [0m[1mnote[0m: no expected values for `feature`
    [1m[94m= [0m[1mnote[0m: using a cfg inside a macro will use the cfgs from the destination crate and not the ones from the defining crate
    [1m[94m= [0m[1mhelp[0m: try referring to `sel_impl` crate for guidance on how handle this unexpected cfg
    [1m[94m= [0m[1mhelp[0m: the macro `sel_impl` may come from an old version of the `objc` crate, try updating your dependency with `cargo update -p objc`
    [1m[94m= [0m[1mnote[0m: see <https://doc.rust-lang.org/nightly/rustc/check-cfg/cargo-specifics.html> for more information about checking conditional configuration
    [1m[94m= [0m[1mnote[0m: this warning originates in the macro `sel_impl` which comes from the expansion of the macro `msg_send` (in Nightly builds, run with -Z macro-backtrace for more info)

[1m[33mwarning[0m[1m: unexpected `cfg` condition value: `cargo-clippy`[0m
   [1m[94m--> [0msrc/mac_platform.rs:128:33
    [1m[94m|[0m
[1m[94m128[0m [1m[94m|[0m         let name: *mut Object = msg_send![app, bundleIdentifier];
    [1m[94m|[0m                                 [1m[33m^^^^^^^^^^^^^^^^^^^^^^^^^^^^^^^^[0m
    [1m[94m|[0m
    [1m[94m= [0m[1mnote[0m: no expected values for `feature`
    [1m[94m= [0m[1mnote[0m: using a cfg inside a macro will use the cfgs from the destination crate and not the ones from the defining crate
    [1m[94m= [0m[1mhelp[0m: try referring to `sel_impl` crate for guidance on how handle this unexpected cfg
    [1m[94m= [0m[1mhelp[0m: the macro `sel_impl` may come from an old version of the `objc` crate, try updating your dependency with `cargo update -p objc`
    [1m[94m= [0m[1mnote[0m: see <https://doc.rust-lang.org/nightly/rustc/check-cfg/cargo-specifics.html> for more information about checking conditional configuration
    [1m[94m= [0m[1mnote[0m: this warning originates in the macro `sel_impl` which comes from the expansion of the macro `msg_send` (in Nightly builds, run with -Z macro-backtrace for more info)

[1m[33mwarning[0m[1m: unexpected `cfg` condition value: `cargo-clippy`[0m
   [1m[94m--> [0msrc/mac_platform.rs:201:34
    [1m[94m|[0m
[1m[94m201[0m [1m[94m|[0m         let board: *mut Object = msg_send![class!(NSPasteboard), generalPasteboard];
    [1m[94m|[0m                                  [1m[33m^^^^^^^^^^^^^^^^^^^^^^^^^^^^^^^^^^^^^^^^^^^^^^^^^^[0m
    [1m[94m|[0m
    [1m[94m= [0m[1mnote[0m: no expected values for `feature`
    [1m[94m= [0m[1mnote[0m: using a cfg inside a macro will use the cfgs from the destination crate and not the ones from the defining crate
    [1m[94m= [0m[1mhelp[0m: try referring to `sel_impl` crate for guidance on how handle this unexpected cfg
    [1m[94m= [0m[1mhelp[0m: the macro `sel_impl` may come from an old version of the `objc` crate, try updating your dependency with `cargo update -p objc`
    [1m[94m= [0m[1mnote[0m: see <https://doc.rust-lang.org/nightly/rustc/check-cfg/cargo-specifics.html> for more information about checking conditional configuration
    [1m[94m= [0m[1mnote[0m: this warning originates in the macro `sel_impl` which comes from the expansion of the macro `msg_send` (in Nightly builds, run with -Z macro-backtrace for more info)

[1m[33mwarning[0m[1m: unexpected `cfg` condition value: `cargo-clippy`[0m
   [1m[94m--> [0msrc/mac_platform.rs:201:44
    [1m[94m|[0m
[1m[94m201[0m [1m[94m|[0m         let board: *mut Object = msg_send![class!(NSPasteboard), generalPasteboard];
    [1m[94m|[0m                                            [1m[33m^^^^^^^^^^^^^^^^^^^^[0m
    [1m[94m|[0m
    [1m[94m= [0m[1mnote[0m: no expected values for `feature`
    [1m[94m= [0m[1mnote[0m: using a cfg inside a macro will use the cfgs from the destination crate and not the ones from the defining crate
    [1m[94m= [0m[1mhelp[0m: try referring to `class` crate for guidance on how handle this unexpected cfg
    [1m[94m= [0m[1mhelp[0m: the macro `class` may come from an old version of the `objc` crate, try updating your dependency with `cargo update -p objc`
    [1m[94m= [0m[1mnote[0m: see <https://doc.rust-lang.org/nightly/rustc/check-cfg/cargo-specifics.html> for more information about checking conditional configuration
    [1m[94m= [0m[1mnote[0m: this warning originates in the macro `class` (in Nightly builds, run with -Z macro-backtrace for more info)

[1m[33mwarning[0m[1m: unexpected `cfg` condition value: `cargo-clippy`[0m
   [1m[94m--> [0msrc/mac_platform.rs:202:23
    [1m[94m|[0m
[1m[94m202[0m [1m[94m|[0m         let _: bool = msg_send![board,setString:ns("1") forType:ns("local.clibo.internal")];
    [1m[94m|[0m                       [1m[33m^^^^^^^^^^^^^^^^^^^^^^^^^^^^^^^^^^^^^^^^^^^^^^^^^^^^^^^^^^^^^^^^^^^^^[0m
    [1m[94m|[0m
    [1m[94m= [0m[1mnote[0m: no expected values for `feature`
    [1m[94m= [0m[1mnote[0m: using a cfg inside a macro will use the cfgs from the destination crate and not the ones from the defining crate
    [1m[94m= [0m[1mhelp[0m: try referring to `sel_impl` crate for guidance on how handle this unexpected cfg
    [1m[94m= [0m[1mhelp[0m: the macro `sel_impl` may come from an old version of the `objc` crate, try updating your dependency with `cargo update -p objc`
    [1m[94m= [0m[1mnote[0m: see <https://doc.rust-lang.org/nightly/rustc/check-cfg/cargo-specifics.html> for more information about checking conditional configuration
    [1m[94m= [0m[1mnote[0m: this warning originates in the macro `sel_impl` which comes from the expansion of the macro `msg_send` (in Nightly builds, run with -Z macro-backtrace for more info)

[1m[33mwarning[0m[1m: unexpected `cfg` condition value: `cargo-clippy`[0m
  [1m[94m--> [0msrc/visibility.rs:18:32
   [1m[94m|[0m
[1m[94m18[0m [1m[94m|[0m         let app: *mut Object = msg_send![class!(NSApplication), sharedApplication];
   [1m[94m|[0m                                [1m[33m^^^^^^^^^^^^^^^^^^^^^^^^^^^^^^^^^^^^^^^^^^^^^^^^^^^[0m
   [1m[94m|[0m
   [1m[94m= [0m[1mnote[0m: no expected values for `feature`
   [1m[94m= [0m[1mnote[0m: using a cfg inside a macro will use the cfgs from the destination crate and not the ones from the defining crate
   [1m[94m= [0m[1mhelp[0m: try referring to `sel_impl` crate for guidance on how handle this unexpected cfg
   [1m[94m= [0m[1mhelp[0m: the macro `sel_impl` may come from an old version of the `objc` crate, try updating your dependency with `cargo update -p objc`
   [1m[94m= [0m[1mnote[0m: see <https://doc.rust-lang.org/nightly/rustc/check-cfg/cargo-specifics.html> for more information about checking conditional configuration
   [1m[94m= [0m[1mnote[0m: this warning originates in the macro `sel_impl` which comes from the expansion of the macro `msg_send` (in Nightly builds, run with -Z macro-backtrace for more info)

[1m[33mwarning[0m[1m: unexpected `cfg` condition value: `cargo-clippy`[0m
  [1m[94m--> [0msrc/visibility.rs:18:42
   [1m[94m|[0m
[1m[94m18[0m [1m[94m|[0m         let app: *mut Object = msg_send![class!(NSApplication), sharedApplication];
   [1m[94m|[0m                                          [1m[33m^^^^^^^^^^^^^^^^^^^^^[0m
   [1m[94m|[0m
   [1m[94m= [0m[1mnote[0m: no expected values for `feature`
   [1m[94m= [0m[1mnote[0m: using a cfg inside a macro will use the cfgs from the destination crate and not the ones from the defining crate
   [1m[94m= [0m[1mhelp[0m: try referring to `class` crate for guidance on how handle this unexpected cfg
   [1m[94m= [0m[1mhelp[0m: the macro `class` may come from an old version of the `objc` crate, try updating your dependency with `cargo update -p objc`
   [1m[94m= [0m[1mnote[0m: see <https://doc.rust-lang.org/nightly/rustc/check-cfg/cargo-specifics.html> for more information about checking conditional configuration
   [1m[94m= [0m[1mnote[0m: this warning originates in the macro `class` (in Nightly builds, run with -Z macro-backtrace for more info)

[1m[33mwarning[0m[1m: unexpected `cfg` condition value: `cargo-clippy`[0m
  [1m[94m--> [0msrc/visibility.rs:19:36
   [1m[94m|[0m
[1m[94m19[0m [1m[94m|[0m         let windows: *mut Object = msg_send![app, windows];
   [1m[94m|[0m                                    [1m[33m^^^^^^^^^^^^^^^^^^^^^^^[0m
   [1m[94m|[0m
   [1m[94m= [0m[1mnote[0m: no expected values for `feature`
   [1m[94m= [0m[1mnote[0m: using a cfg inside a macro will use the cfgs from the destination crate and not the ones from the defining crate
   [1m[94m= [0m[1mhelp[0m: try referring to `sel_impl` crate for guidance on how handle this unexpected cfg
   [1m[94m= [0m[1mhelp[0m: the macro `sel_impl` may come from an old version of the `objc` crate, try updating your dependency with `cargo update -p objc`
   [1m[94m= [0m[1mnote[0m: see <https://doc.rust-lang.org/nightly/rustc/check-cfg/cargo-specifics.html> for more information about checking conditional configuration
   [1m[94m= [0m[1mnote[0m: this warning originates in the macro `sel_impl` which comes from the expansion of the macro `msg_send` (in Nightly builds, run with -Z macro-backtrace for more info)

[1m[33mwarning[0m[1m: unexpected `cfg` condition value: `cargo-clippy`[0m
  [1m[94m--> [0msrc/visibility.rs:20:35
   [1m[94m|[0m
[1m[94m20[0m [1m[94m|[0m         let window: *mut Object = msg_send![windows, firstObject];
   [1m[94m|[0m                                   [1m[33m^^^^^^^^^^^^^^^^^^^^^^^^^^^^^^^[0m
   [1m[94m|[0m
   [1m[94m= [0m[1mnote[0m: no expected values for `feature`
   [1m[94m= [0m[1mnote[0m: using a cfg inside a macro will use the cfgs from the destination crate and not the ones from the defining crate
   [1m[94m= [0m[1mhelp[0m: try referring to `sel_impl` crate for guidance on how handle this unexpected cfg
   [1m[94m= [0m[1mhelp[0m: the macro `sel_impl` may come from an old version of the `objc` crate, try updating your dependency with `cargo update -p objc`
   [1m[94m= [0m[1mnote[0m: see <https://doc.rust-lang.org/nightly/rustc/check-cfg/cargo-specifics.html> for more information about checking conditional configuration
   [1m[94m= [0m[1mnote[0m: this warning originates in the macro `sel_impl` which comes from the expansion of the macro `msg_send` (in Nightly builds, run with -Z macro-backtrace for more info)

[1m[33mwarning[0m[1m: unexpected `cfg` condition value: `cargo-clippy`[0m
  [1m[94m--> [0msrc/visibility.rs:22:25
   [1m[94m|[0m
[1m[94m22[0m [1m[94m|[0m             let _: () = msg_send![window,makeKeyAndOrderFront:std::ptr::null_mut::<Object>()];
   [1m[94m|[0m                         [1m[33m^^^^^^^^^^^^^^^^^^^^^^^^^^^^^^^^^^^^^^^^^^^^^^^^^^^^^^^^^^^^^^^^^^^^^[0m
   [1m[94m|[0m
   [1m[94m= [0m[1mnote[0m: no expected values for `feature`
   [1m[94m= [0m[1mnote[0m: using a cfg inside a macro will use the cfgs from the destination crate and not the ones from the defining crate
   [1m[94m= [0m[1mhelp[0m: try referring to `sel_impl` crate for guidance on how handle this unexpected cfg
   [1m[94m= [0m[1mhelp[0m: the macro `sel_impl` may come from an old version of the `objc` crate, try updating your dependency with `cargo update -p objc`
   [1m[94m= [0m[1mnote[0m: see <https://doc.rust-lang.org/nightly/rustc/check-cfg/cargo-specifics.html> for more information about checking conditional configuration
   [1m[94m= [0m[1mnote[0m: this warning originates in the macro `sel_impl` which comes from the expansion of the macro `msg_send` (in Nightly builds, run with -Z macro-backtrace for more info)

[1m[33mwarning[0m[1m: unexpected `cfg` condition value: `cargo-clippy`[0m
  [1m[94m--> [0msrc/visibility.rs:23:25
   [1m[94m|[0m
[1m[94m23[0m [1m[94m|[0m             let _: () = msg_send![app,activateIgnoringOtherApps:true];
   [1m[94m|[0m                         [1m[33m^^^^^^^^^^^^^^^^^^^^^^^^^^^^^^^^^^^^^^^^^^^^^[0m
   [1m[94m|[0m
   [1m[94m= [0m[1mnote[0m: no expected values for `feature`
   [1m[94m= [0m[1mnote[0m: using a cfg inside a macro will use the cfgs from the destination crate and not the ones from the defining crate
   [1m[94m= [0m[1mhelp[0m: try referring to `sel_impl` crate for guidance on how handle this unexpected cfg
   [1m[94m= [0m[1mhelp[0m: the macro `sel_impl` may come from an old version of the `objc` crate, try updating your dependency with `cargo update -p objc`
   [1m[94m= [0m[1mnote[0m: see <https://doc.rust-lang.org/nightly/rustc/check-cfg/cargo-specifics.html> for more information about checking conditional configuration
   [1m[94m= [0m[1mnote[0m: this warning originates in the macro `sel_impl` which comes from the expansion of the macro `msg_send` (in Nightly builds, run with -Z macro-backtrace for more info)

[1m[33mwarning[0m[1m: unused imports: `HasWindowHandle` and `RawWindowHandle`[0m
  [1m[94m--> [0msrc/ui.rs:12:25
   [1m[94m|[0m
[1m[94m12[0m [1m[94m|[0m use raw_window_handle::{HasWindowHandle, RawWindowHandle};
   [1m[94m|[0m                         [1m[33m^^^^^^^^^^^^^^^[0m  [1m[33m^^^^^^^^^^^^^^^[0m
   [1m[94m|[0m
   [1m[94m= [0m[1mnote[0m: `#[warn(unused_imports)]` (part of `#[warn(unused)]`) on by default

[1m[33mwarning[0m[1m: variable does not need to be mutable[0m
   [1m[94m--> [0msrc/ui/json_ui.rs:107:25
    [1m[94m|[0m
[1m[94m107[0m [1m[94m|[0m                     let mut work = ctx.input(|i| {
    [1m[94m|[0m                         [1m[94m----[0m[1m[33m^^^^[0m
    [1m[94m|[0m                         [1m[94m|[0m
    [1m[94m|[0m                         [1m[94mhelp: remove this `mut`[0m
    [1m[94m|[0m
    [1m[94m= [0m[1mnote[0m: `#[warn(unused_mut)]` (part of `#[warn(unused)]`) on by default

[1m[33mwarning[0m[1m: unused variable: `owner`[0m
   [1m[94m--> [0msrc/ui/json_ui.rs:100:72
    [1m[94m|[0m
[1m[94m100[0m [1m[94m|[0m     pub(super) fn update(&mut self, ctx: &egui::Context, active: bool, owner: usize) {
    [1m[94m|[0m                                                                        [1m[33m^^^^^[0m [1m[33mhelp: if this is intentional, prefix it with an underscore: `_owner`[0m
    [1m[94m|[0m
    [1m[94m= [0m[1mnote[0m: `#[warn(unused_variables)]` (part of `#[warn(unused)]`) on by default

[1m[33mwarning[0m[1m: variable does not need to be mutable[0m
   [1m[94m--> [0msrc/ui/launcher_ui.rs:160:13
    [1m[94m|[0m
[1m[94m160[0m [1m[94m|[0m         let mut work = ctx.input(|i| {
    [1m[94m|[0m             [1m[94m----[0m[1m[33m^^^^[0m
    [1m[94m|[0m             [1m[94m|[0m
    [1m[94m|[0m             [1m[94mhelp: remove this `mut`[0m

[1m[33mwarning[0m: `clibo-native` (bin "clibo-native" test) generated 39 warnings (run `cargo fix --bin "clibo-native" -p clibo-native --tests` to apply 4 suggestions)
[1m[92m    Finished[0m `test` profile [unoptimized + debuginfo] target(s) in 49.52s
[1m[92m     Running[0m unittests src/main.rs (native/target/debug/deps/clibo_native-871415b9fe04f2c1)

running 65 tests
test calculator::tests::arithmetic_and_precedence ... ok
test calculator::tests::continuation_uses_full_precision_and_paste_starts_fresh ... ok
test calculator::tests::mode_and_history ... ok
test calculator::tests::rejects_invalid_and_bounded_inputs ... ok
test instance::tests::second_launch_requests_open_and_exit_releases_lock ... ok
test launcher::catalog::tests::bookmark_import_keeps_only_web_links_and_nested_titles ... ok
test launcher::catalog::tests::bounded_index_skips_generated_and_hidden_directories ... ok
test launcher::search::tests::chinese_names_match_full_pinyin_and_initials ... ok
test launcher::search::tests::configured_app_prefix_filters_to_apps ... ok
test launcher::search::tests::fuzzy_ranking_and_unicode_are_stable ... ok
test launcher::search::tests::empty_category_prefix_and_recent_order ... ok
test launcher::search::tests::gt_prefix_lists_builtin_tools_only ... ok
test launcher::search::tests::paths_with_spaces_return_actual_file ... ok
test launcher::search::tests::routing_calculation_url_encoding_and_dedup ... FAILED
test launcher::tests::validates_targets_and_searches ... ok
test model::tests::chinese_substrings_and_code_whitespace ... ok
test model::tests::hotkeys_use_the_same_flat_wire_keys_as_before_the_grouping ... ok
test model::tests::legacy_saved_queues_field_is_ignored ... ok
test model::tests::old_settings_keep_primary_shortcut_and_default_queue_shortcut ... ok
test model::tests::sensitive_rules_do_not_drop_regular_numbers ... ok
test preview::tests::dimensions_preserve_aspect_and_never_upscale ... ok
test preview::tests::reduction_averages_premultiplied_alpha_and_rejects_truncation ... ok
test preview::tests::rgb_and_gray_alpha_keep_small_pixels ... ok
test store::tests::capacity_preserves_pinned_and_expires_old_history ... ok
test backend::tests::queue_order_group_search_and_filters_use_shared_core ... ok
test launcher::tests::custom_entries_survive_encrypted_store_restart ... ok
test store::tests::current_database_preserves_user_selected_legacy_hotkey ... ok
test store::tests::custom_hotkey_survives_default_migration ... ok
test store::tests::corrupt_history_row_is_isolated_and_original_is_snapshotted ... ok
test store::tests::failed_recopy_keeps_resident_history_unchanged ... ok
test store::tests::failed_settings_cleanup_rolls_back_config_and_history ... ok
test store::tests::lazy_secrets_round_trip_and_update_search_fields ... ok
test store::tests::json_history_deduplicates_and_respects_retention ... ok
test store::tests::manual_backup_restore_keeps_current_settings_and_creates_safety_copy ... ok
test store::tests::merged_queue_preserves_order_full_text_whitespace_and_history ... ok
test store::tests::migrates_v1_secret_without_losing_content_or_settings ... ok
test store::tests::multiple_groups_survive_legacy_migration_dedup_and_partial_removal ... ok
test store::tests::old_default_hotkey_migrates_to_ctrl_shift_v_once ... ok
test store::tests::queued_history_is_protected_until_removed_from_queue ... ok
test store::tests::organizer_survives_restart_dedup_and_group_removal ... ok
test store::tests::re_copy_keeps_first_source_and_restores_index_row ... ok
test store::tests::restart_dedup_pin_and_encryption ... ok
test store::tests::v3_upgrade_creates_readable_recovery_database ... ok
test text_tools::tests::transformations_preserve_original_and_numeric_precision ... ok
test ui::calculator_ui::clipboard_filter_tests::keeps_only_numeric_clipboard_text ... ok
test ui::json_parser::tests::log_dictionary_with_multiple_json_layers ... ok
test ui::json_parser::tests::quotes_literals_and_precision_are_preserved ... ok
test ui::json_parser::tests::rejects_expressions_and_incomplete_input ... ok
test ui::json_ui::tests::expanded_fields_are_searchable_and_can_be_restored_to_strings ... ok
test ui::json_ui::tests::invalid_edit_clears_old_result_and_preserves_input ... ok
test ui::json_ui::tests::nested_search_keeps_distinct_paths ... ok
test ui::json_ui::tests::window_transition_restores_original_rect_after_enlarging ... ok
test ui::json_view::search_tests::search_preserves_unicode_offsets_and_matches_values ... ok
test ui::launcher_ui::tests::ime_commit_does_not_launch_and_modifier_actions_are_distinct ... ok
test ui::launcher_ui::tests::window_restore_is_once_and_uses_original_geometry ... ok
test ui::tests::captured_hotkey_strings_roundtrip ... ok
test ui::tests::default_show_hotkey_is_ctrl_shift_v ... ok
test ui::tests::egui_keys_map_to_codes ... ok
test ui::tests::find_shortcut_uses_saved_binding_and_consumes_only_matching_events ... ok
test ui::tests::launcher_hotkey_defaults_and_conflicts ... ok
test ui::tests::pretty_hotkey_labels ... ok
test ui::timestamp_ui::tests::epoch_milliseconds_and_offsets ... ok
test ui::timestamp_ui::tests::rejects_invalid_dates_and_overflow ... ok
test store::tests::independent_image_reader_generates_and_caches_thumbnail ... ok
test store::tests::thumbnails_are_small_encrypted_and_deleted_with_original ... ok

failures:

---- launcher::search::tests::routing_calculation_url_encoding_and_dedup stdout ----

thread 'launcher::search::tests::routing_calculation_url_encoding_and_dedup' (17930) panicked at src/launcher/search.rs:778:31:
index out of bounds: the len is 0 but the index is 0
note: run with `RUST_BACKTRACE=1` environment variable to display a backtrace


failures:
    launcher::search::tests::routing_calculation_url_encoding_and_dedup

test result: FAILED. 64 passed; 1 failed; 0 ignored; 0 measured; 0 filtered out; finished in 0.43s

[1m[91merror[0m: test failed, to rerun pass `--bin clibo-native`
cargo test exit code: 101
